[hmc.unist.ac.kr/index.html]
[backblue.gif]
[fade.gif]
[index.html]
[hmc.unist.ac.kr/wp-content/themes/readme/css/bootstrap.min.css]
[hmc.unist.ac.kr/wp-content/themes/readme/css/fonts/fontello/css/fontello.css]
[hmc.unist.ac.kr/wp-content/themes/readme/js/google-code-prettify/prettify.css]
[hmc.unist.ac.kr/wp-content/themes/readme/js/jquery.uniform/uniform.default.css]
[hmc.unist.ac.kr/wp-content/themes/readme/js/jquery.magnific-popup/magnific-popup.css]
[hmc.unist.ac.kr/feed/index.html]
[hmc.unist.ac.kr/comments/feed/index.html]
[hmc.unist.ac.kr/home/feed/index.html]
[hmc.unist.ac.kr/wp-content/themes/readme/js/jquery.fluidbox/fluidbox.css]
[hmc.unist.ac.kr/wp-content/themes/readme/js/mediaelement/mediaelementplayer.min.css]
[hmc.unist.ac.kr/wp-content/plugins/js_composer/assets/lib/bower/flexslider/flexslider.min10df.css]
[hmc.unist.ac.kr/wp-content/themes/readme/js/selection-sharer/selection-sharer.css]
[hmc.unist.ac.kr/wp-content/themes/readme/js/responsive-image-gallery/elastislide.css]
[hmc.unist.ac.kr/wp-content/themes/readme/css/main.css]
[hmc.unist.ac.kr/wp-content/themes/readme/css/768.css]
[hmc.unist.ac.kr/wp-content/themes/readme/css/992.css]
[hmc.unist.ac.kr/wp-content/themes/readme/css/1200.css]
[hmc.unist.ac.kr/wp-content/themes/readme/css/1400.css]
[hmc.unist.ac.kr/wp-content/themes/readme/css/wp-fix.css]
[hmc.unist.ac.kr/wp-content/themes/readme/style.css]
[hmc.unist.ac.kr/wp-content/plugins/js_composer/assets/css/js_composer.min10df.css]
[hmc.unist.ac.kr/wp-includes/js/jquery/jquery90f9.js]
[hmc.unist.ac.kr/wp-includes/js/jquery/jquery-migrate.min1576.js]
[hmc.unist.ac.kr/wp-content/themes/readme/js/modernizr.min.js]
[hmc.unist.ac.kr/wp-content/themes/readme/js/fastclick.js]
[hmc.unist.ac.kr/research/index.html]
[hmc.unist.ac.kr/research/cps/index.html]
[hmc.unist.ac.kr/research/cps/cps-theory/index.html]
[hmc.unist.ac.kr/research/cps/cps-application/index.html]
[hmc.unist.ac.kr/wp-content/themes/readme/js/jquery.fitvids.js]
[hmc.unist.ac.kr/wp-content/themes/readme/js/google-code-prettify/prettify.js]
[hmc.unist.ac.kr/wp-content/themes/readme/js/jquery.validate.min.js]
[hmc.unist.ac.kr/gallery-videos/index.html]
[hmc.unist.ac.kr/wp-content/themes/readme/js/jquery.uniform/jquery.uniform.min.js]
[hmc.unist.ac.kr/members/index.html]
[hmc.unist.ac.kr/research/autonomous-driving/index.html]
[hmc.unist.ac.kr/research/autonomous-flight/index.html]
[hmc.unist.ac.kr/members/professor/index.html]
[hmc.unist.ac.kr/members/post-doc/index.html]
[hmc.unist.ac.kr/wp-content/themes/readme/js/imagesloaded.pkgd.min.js]
[hmc.unist.ac.kr/members/graduate/index.html]
[hmc.unist.ac.kr/publications-hmc/index.html]
[hmc.unist.ac.kr/members/graduate/ad-group/index.html]
[hmc.unist.ac.kr/members/graduate/af-group/index.html]
[hmc.unist.ac.kr/members/alumni/index.html]
[hmc.unist.ac.kr/wp-content/plugins/js_composer/assets/lib/bower/isotope/dist/isotope.pkgd.min10df.js]
[hmc.unist.ac.kr/publications-hmc/book-chapters-hmc/index.html]
[hmc.unist.ac.kr/publications-hmc/patents-hmc/index.html]
[hmc.unist.ac.kr/publications-hmc/journal-articles-hmc/index.html]
[hmc.unist.ac.kr/publications-hmc/conference-proceedings-hmc/index.html]
[hmc.unist.ac.kr/wp-content/themes/readme/js/jquery.magnific-popup/jquery.magnific-popup.min.js]
[hmc.unist.ac.kr/wp-content/themes/readme/js/jquery.fluidbox/jquery.fluidbox.min.js]
[hmc.unist.ac.kr/wp-content/themes/readme/js/mediaelement/mediaelement-and-player.min.js]
[hmc.unist.ac.kr/contact/index.html]
[hmc.unist.ac.kr/gallery-47/index.html]
[hmc.unist.ac.kr/projects/index.html]
[hmc.unist.ac.kr/wp-content/plugins/js_composer/assets/lib/bower/flexslider/jquery.flexslider-min10df.js]
[hmc.unist.ac.kr/wp-content/themes/readme/js/readingTime.js]
[hmc.unist.ac.kr/wp-content/themes/readme/js/share.min.js]
[hmc.unist.ac.kr/wp-content/themes/readme/js/selection-sharer/selection-sharer.js]
[hmc.unist.ac.kr/wp-content/themes/readme/js/responsive-image-gallery/r-gallery.js]
[hmc.unist.ac.kr/wp-content/themes/readme/js/socialstream.jquery.js]
[hmc.unist.ac.kr/wp-content/themes/readme/js/main.js]
[hmc.unist.ac.kr/wp-content/themes/readme/js/wp-fix.js]
[hmc.unist.ac.kr/wp-content/plugins/js_composer/assets/js/dist/js_composer_front.min10df.js]
[hmc.unist.ac.kr/index.html]
[hmc.unist.ac.kr/wp-content/themes/readme/css/bootstrap.min.css]
[hmc.unist.ac.kr/wp-content/themes/readme/css/fonts/fontello/font/fontello7859.eot]
[hmc.unist.ac.kr/wp-content/themes/readme/css/fonts/fontello/font/fontello7859.woff]
[hmc.unist.ac.kr/wp-content/themes/readme/css/fonts/fontello/font/fontello7859.ttf]
[hmc.unist.ac.kr/wp-content/themes/readme/css/fonts/fontello/css/fontello.css]
[hmc.unist.ac.kr/wp-content/themes/readme/js/google-code-prettify/prettify.css]
[hmc.unist.ac.kr/wp-content/themes/readme/js/jquery.uniform/uniform.default.css]
[hmc.unist.ac.kr/wp-content/themes/readme/js/jquery.magnific-popup/magnific-popup.css]
[hmc.unist.ac.kr/wp-content/themes/readme/js/jquery.fluidbox/fluidbox.css]
[hmc.unist.ac.kr/wp-content/themes/readme/js/mediaelement/bigplay.png]
[hmc.unist.ac.kr/wp-content/themes/readme/js/mediaelement/background.png]
[hmc.unist.ac.kr/wp-content/themes/readme/js/mediaelement/loading.gif]
[hmc.unist.ac.kr/wp-content/themes/readme/js/mediaelement/controls.png]
[hmc.unist.ac.kr/wp-content/themes/readme/js/mediaelement/mediaelementplayer.min.css]
[hmc.unist.ac.kr/wp-content/plugins/js_composer/assets/lib/bower/flexslider/fonts/flexslider-icon.eot]
[hmc.unist.ac.kr/wp-content/plugins/js_composer/assets/lib/bower/flexslider/fonts/flexslider-icond41d.eot]
[hmc.unist.ac.kr/wp-content/plugins/js_composer/assets/lib/bower/flexslider/fonts/flexslider-icon.woff]
[hmc.unist.ac.kr/wp-content/plugins/js_composer/assets/lib/bower/flexslider/fonts/flexslider-icon.ttf]
[hmc.unist.ac.kr/wp-content/plugins/js_composer/assets/lib/bower/flexslider/flexslider.min10df.css]
[hmc.unist.ac.kr/wp-content/themes/readme/js/selection-sharer/selection-sharer.css]
[hmc.unist.ac.kr/wp-content/themes/readme/js/responsive-image-gallery/images/loading.gif]
[hmc.unist.ac.kr/wp-content/themes/readme/js/responsive-image-gallery/images/nav.png]
[hmc.unist.ac.kr/wp-content/themes/readme/js/responsive-image-gallery/elastislide.css]
[hmc.unist.ac.kr/wp-content/themes/readme/images/bckg/loading.gif]
[hmc.unist.ac.kr/wp-content/themes/readme/js/responsive-image-gallery/images/nav_thumbs.png]
[hmc.unist.ac.kr/wp-content/themes/readme/js/responsive-image-gallery/images/loading-dark.gif]
[hmc.unist.ac.kr/wp-content/themes/readme/css/main.css]
[hmc.unist.ac.kr/wp-content/themes/readme/css/768.css]
[hmc.unist.ac.kr/wp-content/themes/readme/css/992.css]
[hmc.unist.ac.kr/wp-content/themes/readme/css/1200.css]
[hmc.unist.ac.kr/wp-content/themes/readme/css/1400.css]
[hmc.unist.ac.kr/wp-content/themes/readme/css/wp-fix.css]
[hmc.unist.ac.kr/wp-content/themes/readme/style.css]
[hmc.unist.ac.kr/wp-content/plugins/js_composer/assets/vc/alert.png]
[hmc.unist.ac.kr/wp-content/plugins/js_composer/assets/vc/info.png]
[hmc.unist.ac.kr/wp-content/plugins/js_composer/assets/vc/tick.png]
[hmc.unist.ac.kr/wp-content/plugins/js_composer/assets/vc/exclamation.png]
[hmc.unist.ac.kr/wp-content/plugins/js_composer/assets/images/icons/address-book.png]
[hmc.unist.ac.kr/wp-content/plugins/js_composer/assets/images/icons/alarm-clock.png]
[hmc.unist.ac.kr/wp-content/plugins/js_composer/assets/images/icons/anchor.png]
[hmc.unist.ac.kr/wp-content/plugins/js_composer/assets/images/icons/application-image.png]
[hmc.unist.ac.kr/wp-content/plugins/js_composer/assets/images/icons/arrow.png]
[hmc.unist.ac.kr/wp-content/plugins/js_composer/assets/images/icons/asterisk.png]
[hmc.unist.ac.kr/wp-content/plugins/js_composer/assets/images/icons/auction-hammer.png]
[hmc.unist.ac.kr/wp-content/plugins/js_composer/assets/images/icons/balloon.png]
[hmc.unist.ac.kr/wp-content/plugins/js_composer/assets/images/icons/balloon-buzz.png]
[hmc.unist.ac.kr/wp-content/plugins/js_composer/assets/images/icons/balloon-facebook.png]
[hmc.unist.ac.kr/wp-content/plugins/js_composer/assets/images/icons/balloon-twitter.png]
[hmc.unist.ac.kr/wp-content/plugins/js_composer/assets/images/icons/battery-full.png]
[hmc.unist.ac.kr/wp-content/plugins/js_composer/assets/images/icons/binocular.png]
[hmc.unist.ac.kr/wp-content/plugins/js_composer/assets/images/icons/blue-document-excel.png]
[hmc.unist.ac.kr/wp-content/plugins/js_composer/assets/images/icons/blue-document-image.png]
[hmc.unist.ac.kr/wp-content/plugins/js_composer/assets/images/icons/blue-document-music.png]
[hmc.unist.ac.kr/wp-content/plugins/js_composer/assets/images/icons/blue-document-office.png]
[hmc.unist.ac.kr/wp-content/plugins/js_composer/assets/images/icons/blue-document-pdf.png]
[hmc.unist.ac.kr/wp-content/plugins/js_composer/assets/images/icons/blue-document-powerpoint.png]
[hmc.unist.ac.kr/wp-content/plugins/js_composer/assets/images/icons/blue-document-word.png]
[hmc.unist.ac.kr/wp-content/plugins/js_composer/assets/images/icons/bookmark.png]
[hmc.unist.ac.kr/wp-content/plugins/js_composer/assets/images/icons/camcorder.png]
[hmc.unist.ac.kr/wp-content/plugins/js_composer/assets/images/icons/camera.png]
[hmc.unist.ac.kr/wp-content/plugins/js_composer/assets/images/icons/chart.png]
[hmc.unist.ac.kr/wp-content/plugins/js_composer/assets/images/icons/chart-pie.png]
[hmc.unist.ac.kr/wp-content/plugins/js_composer/assets/images/icons/clock.png]
[hmc.unist.ac.kr/wp-content/plugins/js_composer/assets/images/icons/control.png]
[hmc.unist.ac.kr/wp-content/plugins/js_composer/assets/images/icons/fire.png]
[hmc.unist.ac.kr/wp-content/plugins/js_composer/assets/images/icons/heart.png]
[hmc.unist.ac.kr/wp-content/plugins/js_composer/assets/images/icons/mail.png]
[hmc.unist.ac.kr/wp-content/plugins/js_composer/assets/images/icons/plus-shield.png]
[hmc.unist.ac.kr/wp-content/plugins/js_composer/assets/images/icons/video.png]
[hmc.unist.ac.kr/wp-content/plugins/js_composer/assets/fonts/vc_icons_v2/fonts/vcpb-plugin-iconsb82a.eot]
[hmc.unist.ac.kr/wp-content/plugins/js_composer/assets/fonts/vc_icons_v2/fonts/vcpb-plugin-iconsb82a.ttf]
[hmc.unist.ac.kr/wp-content/plugins/js_composer/assets/fonts/vc_icons_v2/fonts/vcpb-plugin-iconsb82a.woff]
[hmc.unist.ac.kr/wp-content/plugins/js_composer/assets/images/toggle_open.png]
[hmc.unist.ac.kr/wp-content/plugins/js_composer/assets/images/toggle_close.png]
[hmc.unist.ac.kr/wp-content/plugins/js_composer/assets/images/flickr.png]
[hmc.unist.ac.kr/wp-content/plugins/js_composer/assets/fonts/vc_grid/vc_grid_v157a1.eot]
[hmc.unist.ac.kr/wp-content/plugins/js_composer/assets/fonts/vc_grid/vc_grid_v1d41d.eot]
[hmc.unist.ac.kr/wp-content/plugins/js_composer/assets/fonts/vc_grid/vc_grid_v157a1.woff]
[hmc.unist.ac.kr/wp-content/plugins/js_composer/assets/fonts/vc_grid/vc_grid_v157a1.ttf]
[hmc.unist.ac.kr/wp-content/plugins/js_composer/assets/images/spinner.gif]
[hmc.unist.ac.kr/wp-content/plugins/js_composer/assets/vc/remove.png]
[hmc.unist.ac.kr/wp-content/plugins/js_composer/assets/css/js_composer.min10df.css]
[hmc.unist.ac.kr/research/index.html]
[hmc.unist.ac.kr/research/cps/index.html]
[hmc.unist.ac.kr/research/cps/cps-theory/index.html]
[hmc.unist.ac.kr/research/cps/cps-application/index.html]
[hmc.unist.ac.kr/wp-content/plugins/js_composer/assets/lib/vc_carousel/css/vc_carousel.min10df.css]
[hmc.unist.ac.kr/wp-content/plugins/js_composer/assets/lib/vc_carousel/js/transition.min10df.js]
[hmc.unist.ac.kr/wp-content/plugins/js_composer/assets/lib/vc_carousel/js/vc_carousel.min10df.js]
[hmc.unist.ac.kr/research/autonomous-driving/index.html]
[hmc.unist.ac.kr/research/autonomous-flight/index.html]
[hmc.unist.ac.kr/gallery-videos/index.html]
[hmc.unist.ac.kr/members/index.html]
[hmc.unist.ac.kr/members/professor/index.html]
[hmc.unist.ac.kr/members/post-doc/index.html]
[hmc.unist.ac.kr/members/graduate/index.html]
[hmc.unist.ac.kr/members/graduate/ad-group/index.html]
[hmc.unist.ac.kr/members/graduate/af-group/index.html]
[hmc.unist.ac.kr/members/alumni/index.html]
[hmc.unist.ac.kr/publications-hmc/index.html]
[hmc.unist.ac.kr/publications-hmc/book-chapters-hmc/index.html]
[hmc.unist.ac.kr/publications-hmc/journal-articles-hmc/index.html]
[hmc.unist.ac.kr/publications-hmc/conference-proceedings-hmc/index.html]
[hmc.unist.ac.kr/publications-hmc/patents-hmc/index.html]
[hmc.unist.ac.kr/projects/index.html]
[hmc.unist.ac.kr/gallery-47/index.html]
[hmc.unist.ac.kr/contact/index.html]
[hmc.unist.ac.kr/wp-content/themes/readme/css/fonts/fontello/font/fontello7859.svg]
[hmc.unist.ac.kr/wp-content/themes/readme/js/mediaelement/bigplay.svg]
[hmc.unist.ac.kr/wp-content/themes/readme/js/mediaelement/controls.svg]
[hmc.unist.ac.kr/wp-content/plugins/js_composer/assets/lib/bower/flexslider/fonts/flexslider-icon.svg]
[hmc.unist.ac.kr/wp-content/themes/readme/images/bckg/stamp.html]
[hmc.unist.ac.kr/wp-content/themes/readme/images/bckg/stamp-mask.html]
[hmc.unist.ac.kr/wp-content/plugins/js_composer/assets/fonts/vc_icons_v2/fonts/vcpb-plugin-iconsb82a.svg]
[hmc.unist.ac.kr/wp-content/plugins/js_composer/assets/vc/blur.svg]
[hmc.unist.ac.kr/wp-content/plugins/js_composer/assets/fonts/vc_grid/vc_grid_v157a1.svg]
[hmc.unist.ac.kr/wp-content/plugins/js_composer/assets/lib/vc_carousel/css/vc_carousel.min10df.css]
[hmc.unist.ac.kr/members/alumni/feed/index.html]
